Open Watcom Linker Version 1.9
Portions Copyright (c) 1985-2002 Sybase, Inc. All Rights Reserved.
Created on:       23/01/31 22:51:17
Executable Image: NPX16.exe
creating a DOS executable


                        +------------+
                        |   Groups   |
                        +------------+

Group                           Address              Size
=====                           =======              ====

DGROUP                          051f:0000            00000de0



                        +--------------+
                        |   Segments   |
                        +--------------+

Segment                Class          Group          Address         Size
=======                =====          =====          =======         ====

main_TEXT              CODE           AUTO           0000:0000       00000093
_TEXT                  CODE           AUTO           0000:0094       000050af
iofefg_TEXT            CODE           AUTO           0000:5150       00000042
fsroot_TEXT            CODE           AUTO           0000:51a0       0000000b
cppdata_TEXT           CODE           AUTO           0000:51b0       00000000
iofnoefg_TEXT          CODE           AUTO           0000:51b0       00000013
FAR_DATA               FAR_DATA       AUTO           051c:0003       00000000
iofefg_DATA1           FAR_CONST      AUTO           051c:0004       00000000
iofnoefg_DATA1         FAR_CONST      AUTO           051c:0004       00000000
iofnoefg_DATA1         FAR_CONST      AUTO           051c:0004       00000026
_NULL                  BEGDATA        DGROUP         051f:0000       00000020
_AFTERNULL             BEGDATA        DGROUP         0521:0000       00000002
CONST                  DATA           DGROUP         0521:0002       0000003c
CONST2                 DATA           DGROUP         0524:000e       00000132
_DATA                  DATA           DGROUP         0538:0000       000001b8
XIB                    DATA           DGROUP         0553:0008       00000000
XI                     DATA           DGROUP         0553:0008       00000030
XIE                    DATA           DGROUP         0556:0008       00000000
YIB                    DATA           DGROUP         0556:0008       00000000
YI                     DATA           DGROUP         0556:0008       00000006
YIE                    DATA           DGROUP         0556:000e       00000000
STRINGS                DATA           DGROUP         0556:000e       00000000
DATA                   DATA           DGROUP         0556:000e       00000000
_emu_init_start        EMU            DGROUP         0556:000e       00000000
_emu_init_end          EMU            DGROUP         0556:000e       00000000
_BSS                   BSS            DGROUP         0556:000e       0000025e
STACK                  STACK          DGROUP         057d:0000       00000800


                        +----------------+
                        |   Memory Map   |
                        +----------------+

* = unreferenced symbol
+ = symbol only referenced locally

Address        Symbol
=======        ======

Module: main.obj(C:\DOS\NPX\main.cpp)
0000:0000+     bool far math::is_installed_npx()
0000:0041+     int far test::run()
0000:006c      main_
051f:0190+     short unsigned far math::NPX8087
051f:0198+     double far math::PI
051f:037e+     short unsigned far math::NPXNONE
Module: C:\WATCOM/lib286/dos\clibl.lib(stk)
0000:0099      __STK
0000:00b9*     __STKOVERFLOW_
Module: C:\WATCOM/lib286/dos\clibl.lib(cstart)
051f:0000*     __nullarea
051f:01a2*     __ovlflag
051f:01a3*     __intno
051f:01a4*     __ovlvec
0000:00d6      _cstart_
0000:01a9*     _Not_Enough_Memory_
0000:02dd      __exit_
0000:02fc      __do_exit_with_msg__
0000:035a      __GETDS
Module: C:\WATCOM/lib286/dos\clibl.lib(fltused.c)
051f:01a8      _fltused_
Module: C:\WATCOM/lib286\plbxl.lib(iofefg.cpp)
051f:0354      __ppfltused_
Module: C:\WATCOM/lib286/dos\clibl.lib(cmodel)
0000:0364      _big_code_
0000:0364*     CodeModelMismatch
Module: C:\WATCOM/lib286/dos\emu87.lib(initemu.asm)
0000:8000*     FJSRQQ
0000:0632*     FISRQQ
0000:1632*     FIERQQ
0000:5c32      FIDRQQ
0000:a23d      FIWRQQ
0000:c000      FJCRQQ
0000:4000*     FJARQQ
0000:0e32      FICRQQ
0000:fe32*     FIARQQ
0000:039c      __init_87_emulator
0000:042d*     __fini_87_emulator
Module: C:\WATCOM/lib286/dos\clibl.lib(_8087)
051f:01d2      __8087
051f:01d3      __real87
051f:01d4      __dos87emucall
051f:01d6      __dos87real
Module: C:\WATCOM/lib286\plbxl.lib(fsroot.cpp)
051f:0366      ___wcpp_4_data_init_fs_root_
Module: C:\WATCOM/lib286\plbxl.lib(cppdata.cpp)
051f:0380      __wint_thread_data
051f:03a4      __compiled_under_generic
Module: C:\WATCOM/lib286/dos\clibl.lib(xmsg.c)
0000:04a4*     __exit_with_msg_
0000:04a9      __fatal_runtime_error_
Module: C:\WATCOM/lib286/dos\clibl.lib(crwdata)
051f:01d8      __curbrk
051f:01e0      __STACKLOW
051f:01e2      __STACKTOP
051f:01e4      __cbyte
051f:01e6      __child
051f:01e8      __no87
051f:01f6      ___FPE_handler
051f:01da      __psp
051f:01ea      __get_ovl_stack
051f:01ee      __restore_ovl_stack
051f:01f2      __close_ovl_file
051f:01fa      __LpCmdLine
051f:01fe      __LpPgmName
051f:01dc      __osmajor
051f:01dd      __osminor
051f:01de      __osmode
051f:01df      __HShift
Module: C:\WATCOM/lib286/dos\clibl.lib(cmain086.c)
0000:04c8      __CMain
Module: C:\WATCOM/lib286/dos\clibl.lib(initrtns.c)
0000:052e      __InitRtns
0000:052e*     __FInitRtns
0000:0589      __FiniRtns
0000:0589*     __FFiniRtns
Module: C:\WATCOM/lib286/dos\clibl.lib(uselfn.c)
051f:0202      ___uselfn
Module: C:\WATCOM/lib286/dos\clibl.lib(dosseg)
0000:05ee      __DOSseg__
Module: C:\WATCOM/lib286/dos\clibl.lib(setefg.c)
0000:05ef      __setEFGfmt_
Module: C:\WATCOM/lib286\plbxl.lib(iofnoefg.cpp)
051f:0204      void (far * far __EFG_cnvs2d)( char far *, double far * )
051f:0208      int (far * far __EFG_cnvd2f)( double far *, float far * )
051f:020c      void (far * far __EFG_LDcvt)( __g4aa8long_double far *, cvt_info far *, char far * )
051f:0210      char far * (far * far __EFG_fcvt)( double, int, int far *, int far * )
051f:0214      void (far * far __EFG__FDLD)( double near *, __g4aa8long_double near * )
Module: C:\WATCOM/lib286\math87l.lib(cnvs2d.c)
0000:060d      __cnvs2d_
Module: C:\WATCOM/lib286\math87l.lib(cnvd2f.c)
0000:064c      __cnvd2f_
Module: C:\WATCOM/lib286\math87l.lib(ldcvt.c)
0000:0824      _LDScale10x_
0000:0d87      __LDcvt_
Module: C:\WATCOM/lib286\math87l.lib(_i_fcvt_.asm)
0000:12be      _fcvt_
Module: C:\WATCOM/lib286\math87l.lib(cnvd2ld.c)
0000:12c3      __cnvd2ld_
Module: C:\WATCOM/lib286/dos\clibl.lib(init8087)
0000:12d8      __init_8087_emu
0000:12de      __x87id
Module: C:\WATCOM/lib286/dos\emu87.lib(emu8087.asm)
0000:142e      __int34
0000:146b      __int3c
Module: C:\WATCOM/lib286/dos\emu87.lib(dosinit.asm)
0000:3d74      ___dos87emucall
Module: C:\WATCOM/lib286/dos\clibl.lib(chk8087.c)
0000:3dce*     _fpreset_
0000:3df9      __init_8087_
0000:3e2c+     __default_sigfpe_handler_
0000:3e3f      __chk8087_
Module: C:\WATCOM/lib286/dos\clibl.lib(enterdb.c)
0000:3eaf      __EnterWVIDEO_
051f:030e+     ___WD_Present
Module: C:\WATCOM/lib286/dos\clibl.lib(___argc.c)
051f:03a6      ____Argv
051f:03aa      ____Argc
Module: C:\WATCOM/lib286/dos\clibl.lib(amblksiz.c)
051f:0310      __amblksiz
Module: C:\WATCOM/lib286/dos\clibl.lib(exit.c)
0000:3ed3+     __null_int23_exit_
0000:3ed4      exit_
0000:3f05*     _exit_
051f:0312+     ___int23_exit
051f:0316      ___FPE_handler_exit
Module: C:\WATCOM/lib286/dos\clibl.lib(sgdef086)
051f:0348      __Start_XI
051f:0378      __End_XI
051f:0378      __Start_YI
051f:037e      __End_YI
Module: C:\WATCOM/lib286/dos\clibl.lib(noefgfmt.c)
051f:031a      ___EFG_printf
051f:031e      ___EFG_scanf
Module: C:\WATCOM/lib286\math87l.lib(efgfmt.c)
0000:3f31      _EFG_Format_
Module: C:\WATCOM/lib286\math87l.lib(strtod.c)
0000:463d+     __Strtold_
0000:47f0      strtod_
Module: C:\WATCOM/lib286\math87l.lib(ldclass.c)
0000:4992      __LDClass_
0000:49e0*     _FLClass_
Module: C:\WATCOM/lib286/dos\clibl.lib(i4m)
0000:49f4      __I4M
0000:49f4*     __U4M
Module: C:\WATCOM/lib286/dos\clibl.lib(i4d)
0000:4a0c      __I4D
0000:4a5b*     __U4D
Module: C:\WATCOM/lib286\math87l.lib(efcvt.c)
0000:4b28*     ecvt_
0000:4b62      fcvt_
Module: C:\WATCOM/lib286/dos\clibl.lib(8087cw.c)
051f:0322      __8087cw
Module: C:\WATCOM/lib286/dos\clibl.lib(save8087.c)
051f:0324      ___Save8087
051f:0328      ___Rest8087
Module: C:\WATCOM/lib286/dos\clibl.lib(grabfp87.c)
0000:4ba5      __GrabFP87_
Module: C:\WATCOM/lib286/dos\clibl.lib(rtcntrl.c)
0000:4bd7*     _SetLD64bit_
0000:4be2*     _SetLD80bit_
0000:4bed      _LDisDouble_
Module: C:\WATCOM/lib286/dos\clibl.lib(istable.c)
051f:005e      __IsTable
Module: C:\WATCOM/lib286/dos\clibl.lib(tolower.c)
0000:4c00      tolower_
Module: C:\WATCOM/lib286\math87l.lib(bufld086)
0000:4c0e      __ZBuf2LD
Module: C:\WATCOM/lib286/dos\clibl.lib(seterrno.c)
0000:4cd6*     __set_errno_
0000:4cea*     __set_EDOM_
0000:4cfc      __set_ERANGE_
0000:4d0e*     __set_EINVAL_
0000:4d23*     __set_doserrno_
Module: C:\WATCOM/lib286\math87l.lib(inf_nan.c)
051f:0160*     ___f_infinity
051f:0164*     ___f_posqnan
051f:0168      ___d_infinity
051f:0170      ___d_posqnan
051f:0178*     ___ld_infinity
051f:0180*     ___ld_posqnan
Module: C:\WATCOM/lib286/dos\clibl.lib(hugeval.c)
051f:0188      __HugeValue
Module: C:\WATCOM/lib286/dos\clibl.lib(cvtbuf.c)
0000:4d2f      __CVTBuffer_
Module: C:\WATCOM/lib286\math87l.lib(cvt.c)
0000:4d36      __cvt_
Module: C:\WATCOM/lib286/dos\clibl.lib(fpe87)
0000:4dd4      __Init_FPE_handler_
0000:4e0d      __Fini_FPE_handler_
0000:4e44*     __FPEHandler
Module: C:\WATCOM/lib286/dos\clibl.lib(errno.c)
0000:50d6      __get_errno_ptr_
0000:50dd      __get_doserrno_ptr_
051f:05d8+     _errno
051f:05da+     __doserrno
Module: C:\WATCOM/lib286/dos\clibl.lib(fpeint.c)
051f:0344      ___FPE_int
Module: C:\WATCOM/lib286/dos\clibl.lib(nonibm.c)
0000:50fc+     __is_nonIBM_
051f:0346      ___NonIBM


                        +--------------------+
                        |   Libraries Used   |
                        +--------------------+

C:\WATCOM/lib286/dos\clibl.lib
C:\WATCOM/lib286\plbxl.lib
C:\WATCOM/lib286\math87l.lib
C:\WATCOM/lib286/dos\emu87.lib


                        +-----------------------+
                        |   Linker Statistics   |
                        +-----------------------+

Stack size:  0800 (2048.)
Memory size:  5fd0 (24528.)
Entry point address: 0000:00d6
Link time: 00:00.00
